[2026-03-23 09:58:45] [32minfo[39m: Loading JSON test data from test-data.json
[2026-03-23 09:58:45] [34mdebug[39m: Loaded JSON data from test-data.json
[2026-03-23 09:58:45] [32minfo[39m: Retrieved credentials for user: SACH
[2026-03-23 09:58:45] [32minfo[39m: Starting login process with property selection
[2026-03-23 09:58:45] [32minfo[39m: Starting login process
[2026-03-23 09:58:45] [32minfo[39m: Navigating to login page
[2026-03-23 09:58:45] [32minfo[39m: Navigating to https://qc2webwish.prologicfirst.in/#/login/z6cQJcxmrEbhhFXqdoj64Q%3D%3D
[2026-03-23 09:58:45] [32minfo[39m: Successfully navigated to https://qc2webwish.prologicfirst.in/#/login/z6cQJcxmrEbhhFXqdoj64Q%3D%3D
[2026-03-23 09:58:45] [34mdebug[39m: Waiting for login page to load
[2026-03-23 09:58:45] [34mdebug[39m: Waiting for element to be visible: Login form
[2026-03-23 09:58:45] [34mdebug[39m: Element is visible: Login form
[2026-03-23 09:58:45] [34mdebug[39m: Waiting for element to be visible: Username input
[2026-03-23 09:58:45] [34mdebug[39m: Element is visible: Username input
[2026-03-23 09:58:45] [34mdebug[39m: Login page loaded successfully
[2026-03-23 09:58:45] [32minfo[39m: Login page loaded successfully
[2026-03-23 09:58:45] [32minfo[39m: Entering username: SACH
[2026-03-23 09:58:45] [32minfo[39m: [Attempt 1/3] Sending keys to element: Username input field
[2026-03-23 09:58:45] [34mdebug[39m: Cleared existing text in Username input field
[2026-03-23 09:58:46] [32minfo[39m: Successfully sent keys to element: Username input field
[2026-03-23 09:58:46] [32minfo[39m: Username entered successfully
[2026-03-23 09:58:46] [32minfo[39m: Entering password
[2026-03-23 09:58:46] [32minfo[39m: [Attempt 1/3] Sending keys to element: Password input field
[2026-03-23 09:58:46] [34mdebug[39m: Cleared existing text in Password input field
[2026-03-23 09:58:46] [32minfo[39m: Successfully sent keys to element: Password input field
[2026-03-23 09:58:46] [32minfo[39m: Password entered successfully
[2026-03-23 09:58:46] [32minfo[39m: Clicking login button
[2026-03-23 09:58:46] [32minfo[39m: [Attempt 1/3] Clicking element: Login button
[2026-03-23 09:58:47] [32minfo[39m: Successfully clicked element: Login button
[2026-03-23 09:58:47] [32minfo[39m: Login button clicked successfully
[2026-03-23 09:58:47] [34mdebug[39m: Waiting for login to complete
[2026-03-23 09:58:47] [34mdebug[39m: Waiting for element to be hidden: Loading spinner
[2026-03-23 09:58:47] [34mdebug[39m: Element is hidden: Loading spinner
[2026-03-23 09:58:47] [34mdebug[39m: Waiting for network to be idle
[2026-03-23 09:58:47] [34mdebug[39m: Network is idle
[2026-03-23 09:58:47] [34mdebug[39m: Login completed
[2026-03-23 09:58:47] [32minfo[39m: Maximizing browser window
[2026-03-23 09:58:47] [32minfo[39m: Browser window maximized successfully
[2026-03-23 09:58:47] [32minfo[39m: Login process completed successfully
[2026-03-23 09:58:47] [32minfo[39m: ­ƒÅó Handling property selection...
[2026-03-23 09:58:47] [32minfo[39m: ÔÅ│ Waiting for property selection page to load...
[2026-03-23 09:58:47] [32minfo[39m: Ô£à Property selection page loaded
[2026-03-23 09:58:47] [32minfo[39m: ­ƒôï Fetching all properties from the page...
[2026-03-23 09:58:47] [32minfo[39m: Found 3 property icons
[2026-03-23 09:58:47] [34mdebug[39m: Error processing property at index 0: Error: locator.textContent: Unsupported token "@class" while parsing css selector "ancestor::button | ancestor::div[contains(@class, "btn")] | ancestor::a". Did you mean to CSS.escape it?
Call log:
[2m  - waiting for //i[@class='mdi mdi-login text-info font-size-20'] >> nth=0 >> ancestor::button | ancestor::div[contains(@class, "btn")] | ancestor::a[22m

[2026-03-23 09:58:47] [34mdebug[39m: Error processing property at index 1: Error: locator.textContent: Unsupported token "@class" while parsing css selector "ancestor::button | ancestor::div[contains(@class, "btn")] | ancestor::a". Did you mean to CSS.escape it?
Call log:
[2m  - waiting for //i[@class='mdi mdi-login text-info font-size-20'] >> nth=1 >> ancestor::button | ancestor::div[contains(@class, "btn")] | ancestor::a[22m

[2026-03-23 09:58:47] [34mdebug[39m: Error processing property at index 2: Error: locator.textContent: Unsupported token "@class" while parsing css selector "ancestor::button | ancestor::div[contains(@class, "btn")] | ancestor::a". Did you mean to CSS.escape it?
Call log:
[2m  - waiting for //i[@class='mdi mdi-login text-info font-size-20'] >> nth=2 >> ancestor::button | ancestor::div[contains(@class, "btn")] | ancestor::a[22m

[2026-03-23 09:58:47] [33mwarn[39m: ÔÜá´©Å No properties found on the page
[2026-03-23 09:58:47] [32minfo[39m: ­ƒô¡ No properties available
[2026-03-23 09:58:47] [32minfo[39m: ­ƒöì Selecting property at index: 2
[2026-03-23 09:58:47] [32minfo[39m: ­ƒôì Found 3 properties. Selecting property at index [2]
[2026-03-23 09:58:47] [32minfo[39m: ­ƒû▒´©Å Clicking property icon at index 2...
[2026-03-23 09:58:49] [32minfo[39m: Ô£à Successfully clicked property at index: 2
[2026-03-23 09:58:49] [32minfo[39m: Ô£à Property selected successfully
[2026-03-23 09:58:49] [32minfo[39m: Ô£à Login and property selection completed successfully

Running 7 tests using 1 worker

[2026-03-23 09:58:49] [32minfo[39m: Test execution started
[2026-03-23 09:58:49] [32minfo[39m: Total tests: 7
[2026-03-23 09:58:54] [32minfo[39m: Starting test: MGR_RATE_001: Complete rate manager flow with price configuration, meal plans, advance settings, copy rates, derived rates, and stop sell
[2026-03-23 09:58:55] [32minfo[39m: Loading JSON test data from test-data.json
[2026-03-23 09:58:55] [34mdebug[39m: Loaded JSON data from test-data.json
[2026-03-23 09:58:55] [32minfo[39m: Retrieved credentials for user: SACH
[2026-03-23 09:58:55] [32minfo[39m: Step 1: Logging in and selecting property for Rate Manager flow
[2026-03-23 09:58:55] [32minfo[39m: Starting login process with property selection
[2026-03-23 09:58:55] [32minfo[39m: Starting login process
[2026-03-23 09:58:55] [32minfo[39m: Navigating to login page
[2026-03-23 09:58:55] [32minfo[39m: Navigating to https://qc2webwish.prologicfirst.in/#/login/z6cQJcxmrEbhhFXqdoj64Q%3D%3D
[2026-03-23 09:58:57] [32minfo[39m: Successfully navigated to https://qc2webwish.prologicfirst.in/#/login/z6cQJcxmrEbhhFXqdoj64Q%3D%3D
[2026-03-23 09:58:57] [34mdebug[39m: Waiting for login page to load
[2026-03-23 09:58:57] [34mdebug[39m: Waiting for element to be visible: Login form
[2026-03-23 09:58:57] [34mdebug[39m: Element is visible: Login form
[2026-03-23 09:58:57] [34mdebug[39m: Waiting for element to be visible: Username input
[2026-03-23 09:58:57] [34mdebug[39m: Element is visible: Username input
[2026-03-23 09:58:57] [34mdebug[39m: Login page loaded successfully
[2026-03-23 09:58:57] [32minfo[39m: Login page loaded successfully
[2026-03-23 09:58:57] [32minfo[39m: Entering username: SACH
[2026-03-23 09:58:57] [32minfo[39m: [Attempt 1/3] Sending keys to element: Username input field
[2026-03-23 09:58:57] [34mdebug[39m: Cleared existing text in Username input field
[2026-03-23 09:58:57] [32minfo[39m: Successfully sent keys to element: Username input field
[2026-03-23 09:58:57] [32minfo[39m: Username entered successfully
[2026-03-23 09:58:57] [32minfo[39m: Entering password
[2026-03-23 09:58:57] [32minfo[39m: [Attempt 1/3] Sending keys to element: Password input field
[2026-03-23 09:58:57] [34mdebug[39m: Cleared existing text in Password input field
[2026-03-23 09:58:58] [32minfo[39m: Successfully sent keys to element: Password input field
[2026-03-23 09:58:58] [32minfo[39m: Password entered successfully
[2026-03-23 09:58:58] [32minfo[39m: Clicking login button
[2026-03-23 09:58:58] [32minfo[39m: [Attempt 1/3] Clicking element: Login button
[2026-03-23 09:58:58] [32minfo[39m: Successfully clicked element: Login button
[2026-03-23 09:58:58] [32minfo[39m: Login button clicked successfully
[2026-03-23 09:58:58] [34mdebug[39m: Waiting for login to complete
