Timestamp: 2026-10-05T10:21:07.950Z
Report: Parameter Reports - Room Type List DB Validation

Executed Query:
select * from prm_room_type where property_id='webwe'

Total DB Rows: 15
Total Matched Rows: 3

Comparison Details (DB vs PDF):
1. matched=true | matchedValueCount=1 | missingValueCount=0
   relevant: description=A
   matched: description=A
   missing: none
2. matched=true | matchedValueCount=1 | missingValueCount=0
   relevant: description=MANUAL
   matched: description=MANUAL
   missing: none
3. matched=false | matchedValueCount=0 | missingValueCount=1
   relevant: description=DGK
   matched: none
   missing: description=DGK
4. matched=false | matchedValueCount=0 | missingValueCount=1
   relevant: description=EXK
   matched: none
   missing: description=EXK
5. matched=false | matchedValueCount=0 | missingValueCount=1
   relevant: description=DGT
   matched: none
   missing: description=DGT
6. matched=false | matchedValueCount=0 | missingValueCount=1
   relevant: description=LPK
   matched: none
   missing: description=LPK
7. matched=false | matchedValueCount=0 | missingValueCount=1
   relevant: description=LPT
   matched: none
   missing: description=LPT
8. matched=false | matchedValueCount=0 | missingValueCount=1
   relevant: description=AUTOMATION
   matched: none
   missing: description=AUTOMATION
9. matched=false | matchedValueCount=0 | missingValueCount=1
   relevant: description=DUMMY ROOM
   matched: none
   missing: description=DUMMY ROOM
10. matched=false | matchedValueCount=0 | missingValueCount=1
   relevant: description=DELUX ROOM
   matched: none
   missing: description=DELUX ROOM
11. matched=false | matchedValueCount=0 | missingValueCount=1
   relevant: description=EXTRA BED IN ROOM BIG FAMILY
   matched: none
   missing: description=EXTRA BED IN ROOM BIG FAMILY
12. matched=false | matchedValueCount=0 | missingValueCount=1
   relevant: description=PRK
   matched: none
   missing: description=PRK
13. matched=false | matchedValueCount=0 | missingValueCount=1
   relevant: description=STANDART DOUBLE
   matched: none
   missing: description=STANDART DOUBLE
14. matched=false | matchedValueCount=0 | missingValueCount=1
   relevant: description=STANDARD DEPARTMENT
   matched: none
   missing: description=STANDARD DEPARTMENT
15. matched=true | matchedValueCount=1 | missingValueCount=0
   relevant: description=SUITE CITY VIEW
   matched: description=SUITE CITY VIEW
   missing: none

PDF Text File: E:\Automation Project\WebWish 2\reports\db\parameter-reports\room-type-list-report-pdf-text.txt
JSON Comparison File: E:\Automation Project\WebWish 2\reports\db\parameter-reports\room-type-list-report-vs-db.json